
> algor-frontend@0.1.0 build
> next build

  Ôû▓ Next.js 14.2.1
  - Environments: .env.local, .env

   Creating an optimized production build ...
 Ô£ô (pwa) Compiling for server...
 Ô£ô (pwa) Compiling for server...
 Ô£ô (pwa) Compiling for client (static)...
 Ôùï (pwa) Service worker: C:\Users\edisi\.gemini\antigravity\playground\chrono-aldrin\frontend\public\sw.js
 Ôùï (pwa)   URL: /sw.js
 Ôùï (pwa)   Scope: /
 Ô£ô Compiled successfully
   Skipping linting
   Checking validity of types ...
node.exe : Failed to 
compile.
No linha:1 caractere:1
+ & "C:\Program 
Files\nodejs/node.exe" 
"C:\Program 
Files\nodejs/node_mo 
...
+ ~~~~~~~~~~~~~~~~~~~~~
~~~~~~~~~~~~~~~~~~~~~~~
~~~~~~~~~~~~~~~~~~~~~~~
~~
    + CategoryInfo     
         : NotSpecifi  
  ed: (Failed to com   
 pile.:String) [],     
RemoteException
    + FullyQualifiedEr 
   rorId : NativeComm  
  andError
 

./middleware.ts:14:16
Type error: Property 
'protect' does not 
exist on type 'Promise<
SessionAuthWithRedirect
>'.

[0m [90m 12 |[39m   
  [90m// o 
clerkMiddleware 
enviar├í para a URL de 
sign-in definida nas 
envs[39m[0m
[0m [90m 13 |[39m   
  [36mif[39m (isProte
ctedRoute(req)) {[0m
[0m[31m[1m>[22m[39
m[90m 14 |[39m       
  auth()[33m.[39mprot
ect()[33m;[39m[0m
[0m [90m    |[39m   
             [31m[1m^
[22m[39m[0m
[0m [90m 15 |[39m   
  }[0m
[0m [90m 16 
|[39m[0m
[0m [90m 17 |[39m   
  [36mreturn[39m [33
mNextResponse[39m[33m
.[39mnext()[33m;[39m
[0m
