
> algor-frontend@0.1.0 build
> next build

  Ôû▓ Next.js 14.2.1
  - Environments: .env

   Creating an optimized production build ...
 Ô£ô Compiled successfully
   Skipping linting
   Checking validity of types ...
node.exe : Failed to compile.
No linha:1 caractere:1
+ & "C:\Program 
Files\nodejs/node.exe" 
"C:\Program 
Files\nodejs/node_mo ...
+ ~~~~~~~~~~~~~~~~~~~~~~~~~~~
~~~~~~~~~~~~~~~~~~~~~~~~~~~~~
~~~~~~~~~~~~~
    + CategoryInfo           
   : NotSpecified: (Failed   
  to compile.:String) [],    
 RemoteException
    + FullyQualifiedErrorId  
   : NativeCommandError
 

./app/dashboard/report-iso420
01/[orgId]/page.tsx:7:21
Type error: Cannot find 
module '@/lib/api' or its 
corresponding type 
declarations.

[0m [90m  5 |[39m 
[36mimport[39m { motion } 
[36mfrom[39m [32m'framer-m
otion'[39m[33m;[39m[0m
[0m [90m  6 |[39m 
[36mimport[39m { 
[33mPrinter[39m[33m,[39m 
[33mShieldCheck[39m[33m,[
39m [33mAlertTriangle[39m[
33m,[39m [33mCheckCircle2[
39m[33m,[39m [33mTrendingU
p[39m[33m,[39m [33mDownlo
ad[39m[33m,[39m [33mBuild
ing2[39m[33m,[39m 
[33mUser[39m } 
[36mfrom[39m [32m'lucide-r
eact'[39m[33m;[39m[0m
[0m[31m[1m>[22m[39m[90m
  7 |[39m [36mimport[39m 
{ api } [36mfrom[39m [32m'
@/lib/api'[39m[33m;[39m[0
m
[0m [90m    |[39m         
            
[31m[1m^[22m[39m[0m
[0m [90m  8 |[39m[0m
[0m [90m  9 |[39m [90m// 
=============================
===========[39m[0m
[0m [90m 10 |[39m [90m// 
SMART REPORT ISO 42001 (A4 
FORMAT)[39m[0m
