app/dashboard/compliance-scanner/page.tsx(202,45): error TS2322: Type '{ type: string; exposures: number; severity: "medium" | "low" | "high"; trend: string; action: string; }[]' is not assignable to type 'DataRow[]'.
  Type '{ type: string; exposures: number; severity: "medium" | "low" | "high"; trend: string; action: string; }' is not assignable to type 'DataRow'.
    Types of property 'trend' are incompatible.
      Type 'string' is not assignable to type '"up" | "stable" | "down"'.
