============================= test session starts =============================
platform win32 -- Python 3.14.0, pytest-9.0.1, pluggy-1.6.0 -- C:\Python314\python.exe
cachedir: .pytest_cache
rootdir: C:\Users\edisi\.gemini\antigravity\playground\chrono-aldrin
configfile: pytest.ini
plugins: anyio-4.12.0
collecting ... collected 19 items / 2 errors

=================================== ERRORS ====================================
_____________ ERROR collecting backend/tests/test_scanner_core.py _____________
backend\tests\test_scanner_core.py:5: in <module>
    from backend.main import app
backend\main.py:29: in <module>
    app.include_router(auth.router, prefix="/api/v1", tags=["auth"])
                       ^^^^^^^^^^^
E   AttributeError: module 'backend.app.api.auth' has no attribute 'router'
________________ ERROR collecting backend/tests/test_smoke.py _________________
backend\tests\test_smoke.py:9: in <module>
    from backend.main import app
backend\main.py:29: in <module>
    app.include_router(auth.router, prefix="/api/v1", tags=["auth"])
                       ^^^^^^^^^^^
E   AttributeError: module 'backend.app.api.auth' has no attribute 'router'
============================== warnings summary ===============================
backend\app\core\config.py:12
  C:\Users\edisi\.gemini\antigravity\playground\chrono-aldrin\backend\app\core\config.py:12: PydanticDeprecatedSince20: Support for class-based `config` is deprecated, use ConfigDict instead. Deprecated in Pydantic V2.0 to be removed in V3.0. See Pydantic V2 Migration Guide at https://errors.pydantic.dev/2.12/migration/
    class Settings(BaseSettings):

backend\app\db\session.py:16
  C:\Users\edisi\.gemini\antigravity\playground\chrono-aldrin\backend\app\db\session.py:16: MovedIn20Warning: The ``declarative_base()`` function is now available as sqlalchemy.orm.declarative_base(). (deprecated since: 2.0) (Background on SQLAlchemy 2.0 at: https://sqlalche.me/e/b8d9)
    Base = declarative_base()

backend\app\main.py:50
  C:\Users\edisi\.gemini\antigravity\playground\chrono-aldrin\backend\app\main.py:50: DeprecationWarning: 
          on_event is deprecated, use lifespan event handlers instead.
  
          Read more about it in the
          [FastAPI docs for Lifespan Events](https://fastapi.tiangolo.com/advanced/events/).
          
    @app.on_event("startup")

..\..\..\..\AppData\Roaming\Python\Python314\site-packages\fastapi\applications.py:4580
  C:\Users\edisi\AppData\Roaming\Python\Python314\site-packages\fastapi\applications.py:4580: DeprecationWarning: 
          on_event is deprecated, use lifespan event handlers instead.
  
          Read more about it in the
          [FastAPI docs for Lifespan Events](https://fastapi.tiangolo.com/advanced/events/).
          
    return self.router.on_event(event_type)

backend\app\schemas\base.py:37
  C:\Users\edisi\.gemini\antigravity\playground\chrono-aldrin\backend\app\schemas\base.py:37: PydanticDeprecatedSince20: Support for class-based `config` is deprecated, use ConfigDict instead. Deprecated in Pydantic V2.0 to be removed in V3.0. See Pydantic V2 Migration Guide at https://errors.pydantic.dev/2.12/migration/
    class CorporateProfileResponse(CorporateProfileCreate):

backend\app\schemas\base.py:52
  C:\Users\edisi\.gemini\antigravity\playground\chrono-aldrin\backend\app\schemas\base.py:52: PydanticDeprecatedSince20: Support for class-based `config` is deprecated, use ConfigDict instead. Deprecated in Pydantic V2.0 to be removed in V3.0. See Pydantic V2 Migration Guide at https://errors.pydantic.dev/2.12/migration/
    class ProfessionalProfileResponse(ProfessionalProfileCreate):

backend\app\schemas\base.py:69
  C:\Users\edisi\.gemini\antigravity\playground\chrono-aldrin\backend\app\schemas\base.py:69: PydanticDeprecatedSince20: Support for class-based `config` is deprecated, use ConfigDict instead. Deprecated in Pydantic V2.0 to be removed in V3.0. See Pydantic V2 Migration Guide at https://errors.pydantic.dev/2.12/migration/
    class UserResponse(BaseModel):

backend\app\schemas\lead.py:35
  C:\Users\edisi\.gemini\antigravity\playground\chrono-aldrin\backend\app\schemas\lead.py:35: PydanticDeprecatedSince20: Support for class-based `config` is deprecated, use ConfigDict instead. Deprecated in Pydantic V2.0 to be removed in V3.0. See Pydantic V2 Migration Guide at https://errors.pydantic.dev/2.12/migration/
    class LeadCreateDiagnostic(LeadCreateBase):

backend\app\schemas\lead.py:55
  C:\Users\edisi\.gemini\antigravity\playground\chrono-aldrin\backend\app\schemas\lead.py:55: PydanticDeprecatedSince20: Support for class-based `config` is deprecated, use ConfigDict instead. Deprecated in Pydantic V2.0 to be removed in V3.0. See Pydantic V2 Migration Guide at https://errors.pydantic.dev/2.12/migration/
    class LeadCreateSpecialist(LeadCreateBase):

backend\app\schemas\lead.py:105
  C:\Users\edisi\.gemini\antigravity\playground\chrono-aldrin\backend\app\schemas\lead.py:105: PydanticDeprecatedSince20: Support for class-based `config` is deprecated, use ConfigDict instead. Deprecated in Pydantic V2.0 to be removed in V3.0. See Pydantic V2 Migration Guide at https://errors.pydantic.dev/2.12/migration/
    class LeadResponse(BaseModel):

backend\app\api\endpoints\admin.py:16
  C:\Users\edisi\.gemini\antigravity\playground\chrono-aldrin\backend\app\api\endpoints\admin.py:16: PydanticDeprecatedSince20: Support for class-based `config` is deprecated, use ConfigDict instead. Deprecated in Pydantic V2.0 to be removed in V3.0. See Pydantic V2 Migration Guide at https://errors.pydantic.dev/2.12/migration/
    class UserAdminView(BaseModel):

..\..\..\..\AppData\Roaming\Python\Python314\site-packages\slowapi\extension.py:717
..\..\..\..\AppData\Roaming\Python\Python314\site-packages\slowapi\extension.py:717
..\..\..\..\AppData\Roaming\Python\Python314\site-packages\slowapi\extension.py:717
  C:\Users\edisi\AppData\Roaming\Python\Python314\site-packages\slowapi\extension.py:717: DeprecationWarning: 'asyncio.iscoroutinefunction' is deprecated and slated for removal in Python 3.16; use inspect.iscoroutinefunction() instead
    if asyncio.iscoroutinefunction(func):

backend\app\api\endpoints\organizations.py:17
  C:\Users\edisi\.gemini\antigravity\playground\chrono-aldrin\backend\app\api\endpoints\organizations.py:17: PydanticDeprecatedSince20: Support for class-based `config` is deprecated, use ConfigDict instead. Deprecated in Pydantic V2.0 to be removed in V3.0. See Pydantic V2 Migration Guide at https://errors.pydantic.dev/2.12/migration/
    class OrganizationOut(BaseModel):

backend\app\schemas_risk.py:22
  C:\Users\edisi\.gemini\antigravity\playground\chrono-aldrin\backend\app\schemas_risk.py:22: PydanticDeprecatedSince20: Using extra keyword arguments on `Field` is deprecated and will be removed. Use `json_schema_extra` instead. (Extra keys: 'example'). Deprecated in Pydantic V2.0 to be removed in V3.0. See Pydantic V2 Migration Guide at https://errors.pydantic.dev/2.12/migration/
    category: str = Field(..., example="ViÚs AlgorÝtmico")

backend\app\schemas_risk.py:23
  C:\Users\edisi\.gemini\antigravity\playground\chrono-aldrin\backend\app\schemas_risk.py:23: PydanticDeprecatedSince20: Using extra keyword arguments on `Field` is deprecated and will be removed. Use `json_schema_extra` instead. (Extra keys: 'example'). Deprecated in Pydantic V2.0 to be removed in V3.0. See Pydantic V2 Migration Guide at https://errors.pydantic.dev/2.12/migration/
    description: str = Field(..., example="O modelo apresenta viÚs de gÛnero em anßlises de crÚdito.")

backend\app\schemas_risk.py:24
  C:\Users\edisi\.gemini\antigravity\playground\chrono-aldrin\backend\app\schemas_risk.py:24: PydanticDeprecatedSince20: Using extra keyword arguments on `Field` is deprecated and will be removed. Use `json_schema_extra` instead. (Extra keys: 'example'). Deprecated in Pydantic V2.0 to be removed in V3.0. See Pydantic V2 Migration Guide at https://errors.pydantic.dev/2.12/migration/
    affected_system: Optional[str] = Field(None, example="CreditScoreModel v2.1")

backend\app\schemas_risk.py:28
  C:\Users\edisi\.gemini\antigravity\playground\chrono-aldrin\backend\app\schemas_risk.py:28: PydanticDeprecatedSince20: Using extra keyword arguments on `Field` is deprecated and will be removed. Use `json_schema_extra` instead. (Extra keys: 'example'). Deprecated in Pydantic V2.0 to be removed in V3.0. See Pydantic V2 Migration Guide at https://errors.pydantic.dev/2.12/migration/
    mitigation_plan: Optional[str] = Field(None, example="Re-treinar com dataset balanceado.")

backend\app\schemas_risk.py:29
  C:\Users\edisi\.gemini\antigravity\playground\chrono-aldrin\backend\app\schemas_risk.py:29: PydanticDeprecatedSince20: Using extra keyword arguments on `Field` is deprecated and will be removed. Use `json_schema_extra` instead. (Extra keys: 'example'). Deprecated in Pydantic V2.0 to be removed in V3.0. See Pydantic V2 Migration Guide at https://errors.pydantic.dev/2.12/migration/
    owner: Optional[str] = Field(None, example="Equipe de Data Science")

backend\app\schemas_risk.py:43
  C:\Users\edisi\.gemini\antigravity\playground\chrono-aldrin\backend\app\schemas_risk.py:43: PydanticDeprecatedSince20: Support for class-based `config` is deprecated, use ConfigDict instead. Deprecated in Pydantic V2.0 to be removed in V3.0. See Pydantic V2 Migration Guide at https://errors.pydantic.dev/2.12/migration/
    class RiskResponse(RiskBase):

backend\app\schemas\ai_asset.py:16
  C:\Users\edisi\.gemini\antigravity\playground\chrono-aldrin\backend\app\schemas\ai_asset.py:16: PydanticDeprecatedSince20: Support for class-based `config` is deprecated, use ConfigDict instead. Deprecated in Pydantic V2.0 to be removed in V3.0. See Pydantic V2 Migration Guide at https://errors.pydantic.dev/2.12/migration/
    class AIAssetOut(AIAssetBase):

backend\app\schemas\payment.py:18
  C:\Users\edisi\.gemini\antigravity\playground\chrono-aldrin\backend\app\schemas\payment.py:18: PydanticDeprecatedSince20: Support for class-based `config` is deprecated, use ConfigDict instead. Deprecated in Pydantic V2.0 to be removed in V3.0. See Pydantic V2 Migration Guide at https://errors.pydantic.dev/2.12/migration/
    class PaymentOut(PaymentBase):

backend\app\schemas_assessment.py:16
  C:\Users\edisi\.gemini\antigravity\playground\chrono-aldrin\backend\app\schemas_assessment.py:16: PydanticDeprecatedSince20: Support for class-based `config` is deprecated, use ConfigDict instead. Deprecated in Pydantic V2.0 to be removed in V3.0. See Pydantic V2 Migration Guide at https://errors.pydantic.dev/2.12/migration/
    class AssessmentResponse(BaseModel):

backend\app\schemas\project.py:21
  C:\Users\edisi\.gemini\antigravity\playground\chrono-aldrin\backend\app\schemas\project.py:21: PydanticDeprecatedSince20: Support for class-based `config` is deprecated, use ConfigDict instead. Deprecated in Pydantic V2.0 to be removed in V3.0. See Pydantic V2 Migration Guide at https://errors.pydantic.dev/2.12/migration/
    class ProjectOut(ProjectBase):

-- Docs: https://docs.pytest.org/en/stable/how-to/capture-warnings.html
=========================== short test summary info ===========================
ERROR backend/tests/test_scanner_core.py - AttributeError: module 'backend.ap...
ERROR backend/tests/test_smoke.py - AttributeError: module 'backend.app.api.a...
!!!!!!!!!!!!!!!!!!! Interrupted: 2 errors during collection !!!!!!!!!!!!!!!!!!!
======================= 25 warnings, 2 errors in 16.04s =======================
